 slug  |          description           | img_url 
-------+--------------------------------+---------
 mitch | The man, the Mitch, the legend | 
 cats  | Not dogs                       | 
 paper | what books are made of         | 
(3 rows)

   username    |    name    |                                avatar_url                                 
---------------+------------+---------------------------------------------------------------------------
 butter_bridge | jonny      | https://www.healthytherapies.com/wp-content/uploads/2016/06/Lime3.jpg
 icellusedkars | sam        | https://avatars2.githubusercontent.com/u/24604688?s=460&v=4
 rogersop      | paul       | https://avatars2.githubusercontent.com/u/24394918?s=400&v=4
 lurker        | do_nothing | https://www.golenbock.com/wp-content/uploads/2015/01/placeholder-user.png
(4 rows)

 article_id |                         title                          | topic |    author     |                                                                                     body                                                                                      |     created_at      | votes |                                            article_img_url                                            
------------+--------------------------------------------------------+-------+---------------+-------------------------------------------------------------------------------------------------------------------------------------------------------------------------------+---------------------+-------+-------------------------------------------------------------------------------------------------------
          1 | Living in the shadow of a great man                    | mitch | butter_bridge | I find this existence challenging                                                                                                                                             | 2020-07-09 21:11:00 |   100 | https://images.pexels.com/photos/158651/news-newsletter-newspaper-information-158651.jpeg?w=700&h=700
          2 | Sony Vaio; or, The Laptop                              | mitch | icellusedkars | Call me Mitchell. Some years ago..                                                                                                                                            | 2020-10-16 06:03:00 |     0 | https://images.pexels.com/photos/158651/news-newsletter-newspaper-information-158651.jpeg?w=700&h=700
          3 | Eight pug gifs that remind me of mitch                 | mitch | icellusedkars | some gifs                                                                                                                                                                     | 2020-11-03 09:12:00 |     0 | https://images.pexels.com/photos/158651/news-newsletter-newspaper-information-158651.jpeg?w=700&h=700
          4 | Student SUES Mitch!                                    | mitch | rogersop      | We all love Mitch and his wonderful, unique typing style. However, the volume of his typing has ALLEGEDLY burst another students eardrums, and they are now suing for damages | 2020-05-06 02:14:00 |     0 | https://images.pexels.com/photos/158651/news-newsletter-newspaper-information-158651.jpeg?w=700&h=700
          5 | UNCOVERED: catspiracy to bring down democracy          | cats  | rogersop      | Bastet walks amongst us, and the cats are taking arms!                                                                                                                        | 2020-08-03 14:14:00 |     0 | https://images.pexels.com/photos/158651/news-newsletter-newspaper-information-158651.jpeg?w=700&h=700
          6 | A                                                      | mitch | icellusedkars | Delicious tin of cat food                                                                                                                                                     | 2020-10-18 02:00:00 |     0 | https://images.pexels.com/photos/158651/news-newsletter-newspaper-information-158651.jpeg?w=700&h=700
          7 | Z                                                      | mitch | icellusedkars | I was hungry.                                                                                                                                                                 | 2020-01-07 14:08:00 |     0 | https://images.pexels.com/photos/158651/news-newsletter-newspaper-information-158651.jpeg?w=700&h=700
          8 | Does Mitch predate civilisation?                       | mitch | icellusedkars | Archaeologists have uncovered a gigantic statue from the dawn of humanity, and it has an uncanny resemblance to Mitch. Surely I am not the only person who can see this?!     | 2020-04-17 02:08:00 |     0 | https://images.pexels.com/photos/158651/news-newsletter-newspaper-information-158651.jpeg?w=700&h=700
          9 | They're not exactly dogs, are they?                    | mitch | butter_bridge | Well? Think about it.                                                                                                                                                         | 2020-06-06 10:10:00 |     0 | https://images.pexels.com/photos/158651/news-newsletter-newspaper-information-158651.jpeg?w=700&h=700
         10 | Seven inspirational thought leaders from Manchester UK | mitch | rogersop      | Who are we kidding, there is only one, and it's Mitch!                                                                                                                        | 2020-05-14 05:15:00 |     0 | https://images.pexels.com/photos/158651/news-newsletter-newspaper-information-158651.jpeg?w=700&h=700
         11 | Am I a cat?                                            | mitch | icellusedkars | Having run out of ideas for articles, I am staring at the wall blankly, like a cat. Does this make me a cat?                                                                  | 2020-01-15 22:21:00 |     0 | https://images.pexels.com/photos/158651/news-newsletter-newspaper-information-158651.jpeg?w=700&h=700
         12 | Moustache                                              | mitch | butter_bridge | Have you seen the size of that thing?                                                                                                                                         | 2020-10-11 12:24:00 |     0 | https://images.pexels.com/photos/158651/news-newsletter-newspaper-information-158651.jpeg?w=700&h=700
         13 | Another article about Mitch                            | mitch | butter_bridge | There will never be enough articles about Mitch!                                                                                                                              | 2020-10-11 12:24:00 |     0 | https://images.pexels.com/photos/158651/news-newsletter-newspaper-information-158651.jpeg?w=700&h=700
(13 rows)

 comment_id | article_id |                                                                                         body                                                                                         | votes |    author     |     created_at      
------------+------------+--------------------------------------------------------------------------------------------------------------------------------------------------------------------------------------+-------+---------------+---------------------
          1 |          9 | Oh, I've got compassion running out of my nose, pal! I'm the Sultan of Sentiment!                                                                                                    |    16 | butter_bridge | 2020-04-06 13:17:00
          2 |          1 | The beautiful thing about treasure is that it exists. Got to find out what kind of sheets these are; not cotton, not rayon, silky.                                                   |    14 | butter_bridge | 2020-10-31 03:03:00
          3 |          1 | Replacing the quiet elegance of the dark suit and tie with the casual indifference of these muted earth tones is a form of fashion suicide, but, uh, call me crazy — onyou it works. |   100 | icellusedkars | 2020-03-01 01:13:00
          4 |          1 |  I carry a log — yes. Is it funny to you? It is not to me.                                                                                                                           |  -100 | icellusedkars | 2020-02-23 12:01:00
          5 |          1 | I hate streaming noses                                                                                                                                                               |     0 | icellusedkars | 2020-11-03 21:00:00
          6 |          1 | I hate streaming eyes even more                                                                                                                                                      |     0 | icellusedkars | 2020-04-11 22:02:00
          7 |          1 | Lobster pot                                                                                                                                                                          |     0 | icellusedkars | 2020-05-15 21:19:00
          8 |          1 | Delicious crackerbreads                                                                                                                                                              |     0 | icellusedkars | 2020-04-14 21:19:00
          9 |          1 | Superficially charming                                                                                                                                                               |     0 | icellusedkars | 2020-01-01 03:08:00
         10 |          3 | git push origin master                                                                                                                                                               |     0 | icellusedkars | 2020-06-20 08:24:00
         11 |          3 | Ambidextrous marsupial                                                                                                                                                               |     0 | icellusedkars | 2020-09-20 00:10:00
         12 |          1 | Massive intercranial brain haemorrhage                                                                                                                                               |     0 | icellusedkars | 2020-03-02 07:10:00
         13 |          1 | Fruit pastilles                                                                                                                                                                      |     0 | icellusedkars | 2020-06-15 11:25:00
         14 |          5 | What do you see? I have no idea where this will lead us. This place I speak of, is known as the Black Lodge.                                                                         |    16 | icellusedkars | 2020-06-09 06:00:00
         15 |          5 | I am 100% sure that we're not completely sure.                                                                                                                                       |     1 | butter_bridge | 2020-11-24 00:08:00
         16 |          6 | This is a bad article name                                                                                                                                                           |     1 | butter_bridge | 2020-10-11 16:23:00
         17 |          9 | The owls are not what they seem.                                                                                                                                                     |    20 | icellusedkars | 2020-03-14 17:02:00
         18 |          1 | This morning, I showered for nine minutes.                                                                                                                                           |    16 | butter_bridge | 2020-07-21 01:20:00
(18 rows)

